
Memory Configuration

Name             Origin             Length             Attributes
bram             0x0000000000000000 0x0000000000001000
*default*        0x0000000000000000 0xffffffffffffffff

Linker script and memory map

                0x0000000000000000                __DYNAMIC = 0x0
                0x0000000000000000                _BRAM_START = 0x0
                0x0000000000001000                _BRAM_SIZE = 0x1000
                0x0000000000001000                _BRAM_END = (_BRAM_START + _BRAM_SIZE)

.text           0x0000000000000000      0x488
                0x0000000000000000                _ftext = .
 *(.text .stub .text.* .gnu.linkonce.t.*)
 .text          0x0000000000000000       0x8c crt0ram.o
                0x0000000000000000                _start
                0x0000000000000060                irq_enable
                0x000000000000006c                irq_mask
                0x0000000000000078                irq_disable
                0x0000000000000084                jump
                0x0000000000000088                halt
 .text          0x000000000000008c      0x324 main.o
                0x000000000000008c                lcd_cmd
                0x00000000000000ec                lcd_reset
                0x00000000000001b4                lcd_init
                0x00000000000001fc                lcd_data
                0x0000000000000274                lcd_puts
                0x00000000000002ac                main
 .text          0x00000000000003b0       0xd8 soc-hw.o
                0x00000000000003b0                sleep
                0x00000000000003e4                tic_init
                0x0000000000000408                uart_init
                0x000000000000040c                uart_getchar
                0x0000000000000430                uart_putchar
                0x0000000000000454                uart_putstr
                0x0000000000000488                _etext = .

.rodata         0x0000000000000488       0x20
                0x0000000000000488                . = ALIGN (0x4)
                0x0000000000000488                _frodata = .
 *(.rodata .rodata.* .gnu.linkonce.r.*)
 .rodata.str1.4
                0x0000000000000488       0x20 main.o
 *(.rodata1)
                0x00000000000004a8                _erodata = .

.data           0x00000000000004a8       0x1c
                0x00000000000004a8                . = ALIGN (0x4)
                0x00000000000004a8                _fdata = .
 *(.data .data.* .gnu.linkonce.d.*)
 .data          0x00000000000004a8        0x0 crt0ram.o
 .data          0x00000000000004a8       0x1c main.o
                0x00000000000004a8                uart0
                0x00000000000004ac                timer0
                0x00000000000004b0                gpio0
                0x00000000000004b4                blink0
                0x00000000000004b8                puls0
                0x00000000000004bc                LCD_EN
                0x00000000000004c0                LCD_RS
 .data          0x00000000000004c4        0x0 soc-hw.o
 *(.data1)
                0x00000000000004d0                _gp = ALIGN (0x10)
 *(.sdata .sdata.* .gnu.linkonce.s.*)
                0x00000000000004c4                _edata = .

.bss            0x00000000000004c4        0x0
                0x00000000000004c4                . = ALIGN (0x4)
                0x00000000000004c4                _fbss = .
 *(.dynsbss)
 *(.sbss .sbss.* .gnu.linkonce.sb.*)
 *(.scommon)
 *(.dynbss)
 *(.bss .bss.* .gnu.linkonce.b.*)
 .bss           0x00000000000004c4        0x0 crt0ram.o
 .bss           0x00000000000004c4        0x0 main.o
 .bss           0x00000000000004c4        0x0 soc-hw.o
 *(COMMON)
                0x00000000000004c4                _ebss = .
                0x00000000000004c4                _end = .
                0x0000000000000ffc                PROVIDE (_fstack, ((ORIGIN (bram) + 0x1000) - 0x4))
LOAD crt0ram.o
LOAD main.o
LOAD soc-hw.o
OUTPUT(image elf32-lm32)

.debug_abbrev   0x0000000000000000      0x26b
 .debug_abbrev  0x0000000000000000      0x12e main.o
 .debug_abbrev  0x000000000000012e      0x13d soc-hw.o

.debug_info     0x0000000000000000      0x677
 .debug_info    0x0000000000000000      0x44e main.o
 .debug_info    0x000000000000044e      0x229 soc-hw.o

.debug_line     0x0000000000000000      0x4b6
 .debug_line    0x0000000000000000      0x38a main.o
 .debug_line    0x000000000000038a      0x12c soc-hw.o

.debug_frame    0x0000000000000000       0xe0
 .debug_frame   0x0000000000000000       0x70 main.o
 .debug_frame   0x0000000000000070       0x70 soc-hw.o

.debug_loc      0x0000000000000000      0x122
 .debug_loc     0x0000000000000000       0xcb main.o
 .debug_loc     0x00000000000000cb       0x57 soc-hw.o

.debug_pubnames
                0x0000000000000000      0x10f
 .debug_pubnames
                0x0000000000000000       0xa6 main.o
 .debug_pubnames
                0x00000000000000a6       0x69 soc-hw.o

.debug_pubtypes
                0x0000000000000000       0x8e
 .debug_pubtypes
                0x0000000000000000       0x58 main.o
 .debug_pubtypes
                0x0000000000000058       0x36 soc-hw.o

.debug_aranges  0x0000000000000000       0x40
 .debug_aranges
                0x0000000000000000       0x20 main.o
 .debug_aranges
                0x0000000000000020       0x20 soc-hw.o

.debug_ranges   0x0000000000000000       0x18
 .debug_ranges  0x0000000000000000       0x18 main.o

.debug_str      0x0000000000000000      0x197
 .debug_str     0x0000000000000000      0x150 main.o
                                        0x161 (size before relaxing)
 .debug_str     0x0000000000000150       0x47 soc-hw.o
                                        0x114 (size before relaxing)

.comment        0x0000000000000000       0x11
 .comment       0x0000000000000000       0x11 main.o
                                         0x12 (size before relaxing)
 .comment       0x0000000000000000       0x12 soc-hw.o
