
Memory Configuration

Name             Origin             Length             Attributes
bram             0x0000000000860000 0x0000000000001000
*default*        0x0000000000000000 0xffffffffffffffff

Linker script and memory map

                0x0000000000000000                __DYNAMIC = 0x0
                0x0000000000860000                _BRAM_START = 0x860000
                0x0000000000001000                _BRAM_SIZE = 0x1000
                0x0000000000861000                _BRAM_END = (_BRAM_START + _BRAM_SIZE)

.text           0x0000000000860000      0x380
                0x0000000000860000                _ftext = .
 *(.text .stub .text.* .gnu.linkonce.t.*)
 .text          0x0000000000860000       0x8c crt0ram.o
                0x0000000000860000                _start
                0x0000000000860060                irq_enable
                0x000000000086006c                irq_mask
                0x0000000000860078                irq_disable
                0x0000000000860084                jump
                0x0000000000860088                halt
 .text          0x000000000086008c      0x1c4 main.o
                0x000000000086008c                main
 .text          0x0000000000860250      0x130 soc-hw.o
                0x0000000000860250                sleep
                0x000000000086028c                tic_init
                0x00000000008602b8                uart_init
                0x00000000008602bc                uart_getchar
                0x00000000008602e0                uart_putchar
                0x0000000000860304                uart_putstr
                0x0000000000860338                gpio_read
                0x0000000000860350                gpio_write
                0x0000000000860368                gpio_wdir
                0x0000000000860380                _etext = .

.rodata         0x0000000000860380       0xbc
                0x0000000000860380                . = ALIGN (0x4)
                0x0000000000860380                _frodata = .
 *(.rodata .rodata.* .gnu.linkonce.r.*)
 .rodata.str1.4
                0x0000000000860380       0xb8 main.o
                                         0xbc (size before relaxing)
 .rodata.cst4   0x0000000000860438        0x4 soc-hw.o
                                          0x8 (size before relaxing)
 *(.rodata1)
                0x000000000086043c                _erodata = .

.data           0x000000000086043c        0xc
                0x000000000086043c                . = ALIGN (0x4)
                0x000000000086043c                _fdata = .
 *(.data .data.* .gnu.linkonce.d.*)
 .data          0x000000000086043c        0x0 crt0ram.o
 .data          0x000000000086043c        0x0 main.o
 .data          0x000000000086043c        0xc soc-hw.o
                0x000000000086043c                uart0
                0x0000000000860440                timer0
                0x0000000000860444                gpio0
 *(.data1)
                0x0000000000860450                _gp = ALIGN (0x10)
 *(.sdata .sdata.* .gnu.linkonce.s.*)
                0x0000000000860448                _edata = .

.bss            0x0000000000860448        0x4
                0x0000000000860448                . = ALIGN (0x4)
                0x0000000000860448                _fbss = .
 *(.dynsbss)
 *(.sbss .sbss.* .gnu.linkonce.sb.*)
 *(.scommon)
 *(.dynbss)
 *(.bss .bss.* .gnu.linkonce.b.*)
 .bss           0x0000000000860448        0x0 crt0ram.o
 .bss           0x0000000000860448        0x0 main.o
 .bss           0x0000000000860448        0x4 soc-hw.o
                0x0000000000860448                msec
 *(COMMON)
                0x000000000086044c                _ebss = .
                0x000000000086044c                _end = .
                0x0000000000860ffc                PROVIDE (_fstack, ((ORIGIN (bram) + 0x1000) - 0x4))
LOAD crt0ram.o
LOAD main.o
LOAD soc-hw.o
OUTPUT(image elf32-lm32)

.debug_abbrev   0x0000000000000000      0x234
 .debug_abbrev  0x0000000000000000       0xd7 main.o
 .debug_abbrev  0x00000000000000d7      0x15d soc-hw.o

.debug_info     0x0000000000000000      0x477
 .debug_info    0x0000000000000000      0x161 main.o
 .debug_info    0x0000000000000161      0x316 soc-hw.o

.debug_line     0x0000000000000000      0x31e
 .debug_line    0x0000000000000000      0x18a main.o
 .debug_line    0x000000000000018a      0x194 soc-hw.o

.debug_frame    0x0000000000000000       0xc0
 .debug_frame   0x0000000000000000       0x20 main.o
 .debug_frame   0x0000000000000020       0xa0 soc-hw.o

.debug_loc      0x0000000000000000       0xa6
 .debug_loc     0x0000000000000000       0x4f main.o
 .debug_loc     0x000000000000004f       0x57 soc-hw.o

.debug_pubnames
                0x0000000000000000       0xd7
 .debug_pubnames
                0x0000000000000000       0x1b main.o
 .debug_pubnames
                0x000000000000001b       0xbc soc-hw.o

.debug_pubtypes
                0x0000000000000000       0x83
 .debug_pubtypes
                0x0000000000000000       0x36 main.o
 .debug_pubtypes
                0x0000000000000036       0x4d soc-hw.o

.debug_aranges  0x0000000000000000       0x40
 .debug_aranges
                0x0000000000000000       0x20 main.o
 .debug_aranges
                0x0000000000000020       0x20 soc-hw.o

.debug_ranges   0x0000000000000000       0x38
 .debug_ranges  0x0000000000000000       0x38 main.o

.debug_str      0x0000000000000000      0x1bd
 .debug_str     0x0000000000000000       0xf9 main.o
                                        0x13d (size before relaxing)
 .debug_str     0x00000000000000f9       0xc4 soc-hw.o
                                        0x181 (size before relaxing)

.comment        0x0000000000000000       0x11
 .comment       0x0000000000000000       0x11 main.o
                                         0x12 (size before relaxing)
 .comment       0x0000000000000000       0x12 soc-hw.o
